<html>
<body>
<pre>
<h1>µVision Build Log</h1>
<h2>Project:</h2>
E:\Micro_A748_SI\Programs\ADC\adc.uvproj
Project File Date:  02/11/2016

<h2>Output:</h2>
Build target 'Target 1'
assembling Startup.s...
compiling adc.c...
compiling LCD.c...
compiling main.c...
linking...
Program Size: Code=2356 RO-data=92 RW-data=4 ZI-data=1260  
FromELF: creating hex file...
"adc.axf" - 0 Error(s), 0 Warning(s).
Build target 'Target 1'
assembling Startup.s...
compiling adc.c...
compiling LCD.c...
compiling main.c...
linking...
Program Size: Code=2356 RO-data=92 RW-data=4 ZI-data=1260  
FromELF: creating hex file...
"adc.axf" - 0 Error(s), 0 Warning(s).
